\BOOKMARK [1][-]{section.1}{\376\377\000I\000n\000t\000r\000o\000d\000u\000c\000t\000i\000o\000n}{}% 1
\BOOKMARK [2][-]{subsection.1.1}{\376\377\000T\000h\000e\000\040\000F\000i\000x\000e\000d\000\040\000I\000n\000c\000o\000m\000e\000\040\000A\000l\000l\000o\000c\000a\000t\000i\000o\000n\000\040\000P\000r\000o\000b\000l\000e\000m}{section.1}% 2
\BOOKMARK [2][-]{subsection.1.2}{\376\377\000A\000s\000s\000e\000t\000\040\000U\000n\000i\000v\000e\000r\000s\000e\000\040\000a\000n\000d\000\040\000B\000e\000n\000c\000h\000m\000a\000r\000k}{section.1}% 3
\BOOKMARK [2][-]{subsection.1.3}{\376\377\000W\000h\000y\000\040\000M\000o\000m\000e\000n\000t\000u\000m\000\040\000W\000o\000r\000k\000s\000\040\000i\000n\000\040\000F\000i\000x\000e\000d\000\040\000I\000n\000c\000o\000m\000e}{section.1}% 4
\BOOKMARK [2][-]{subsection.1.4}{\376\377\000I\000m\000p\000l\000e\000m\000e\000n\000t\000a\000t\000i\000o\000n\000\040\000C\000o\000n\000s\000t\000r\000a\000i\000n\000t\000s}{section.1}% 5
\BOOKMARK [2][-]{subsection.1.5}{\376\377\000S\000t\000r\000a\000t\000e\000g\000y\000\040\000R\000o\000a\000d\000m\000a\000p}{section.1}% 6
\BOOKMARK [1][-]{section.2}{\376\377\000Q\000u\000a\000n\000t\000i\000t\000a\000t\000i\000v\000e\000\040\000F\000r\000a\000m\000e\000w\000o\000r\000k}{}% 7
\BOOKMARK [2][-]{subsection.2.1}{\376\377\000B\000l\000e\000n\000d\000e\000d\000\040\000M\000o\000m\000e\000n\000t\000u\000m\000\040\000S\000i\000g\000n\000a\000l\000\040\000\050\000B\000M\000O\000M\000\051}{section.2}% 8
\BOOKMARK [2][-]{subsection.2.2}{\376\377\000S\000i\000g\000n\000a\000l\000\040\000G\000e\000n\000e\000r\000a\000t\000i\000o\000n\000:\000\040\000C\000r\000o\000s\000s\000-\000A\000s\000s\000e\000t\000\040\000M\000o\000m\000e\000n\000t\000u\000m\000\040\000F\000i\000l\000t\000e\000r}{section.2}% 9
\BOOKMARK [2][-]{subsection.2.3}{\376\377\000D\000r\000a\000w\000d\000o\000w\000n\000\040\000D\000i\000f\000f\000e\000r\000e\000n\000t\000i\000a\000l\000\040\000O\000v\000e\000r\000r\000i\000d\000e\000\040\000\050\000S\000t\000r\000a\000t\000e\000g\000y\000\040\0002\000\040\000L\000a\000y\000e\000r\000\051}{section.2}% 10
\BOOKMARK [2][-]{subsection.2.4}{\376\377\000G\0005\000O\0002\000\040\000M\000o\000m\000e\000n\000t\000u\000m\000\040\000V\000a\000r\000i\000a\000n\000t\000\040\000\050\000T\000h\000r\000e\000s\000h\000o\000l\000d\000-\000B\000a\000s\000e\000d\000\040\000S\000i\000g\000n\000a\000l\000\051}{section.2}% 11
\BOOKMARK [2][-]{subsection.2.5}{\376\377\000P\000r\000o\000p\000o\000r\000t\000i\000o\000n\000a\000l\000\040\000L\000i\000n\000e\000a\000r\000\040\000A\000l\000l\000o\000c\000a\000t\000i\000o\000n}{section.2}% 12
\BOOKMARK [1][-]{section.3}{\376\377\000T\000h\000e\000\040\000F\000o\000u\000r\000\040\000F\000i\000n\000a\000l\000\040\000S\000t\000r\000a\000t\000e\000g\000i\000e\000s}{}% 13
\BOOKMARK [2][-]{subsection.3.1}{\376\377\000S\000t\000r\000a\000t\000\040\0003\000\040\040\024\000\040\000D\000a\000i\000l\000y\000\040\000P\000r\000o\000p\000o\000r\000t\000i\000o\000n\000a\000l\000\040\000A\000l\000l\000o\000c\000a\000t\000i\000o\000n}{section.3}% 14
\BOOKMARK [2][-]{subsection.3.2}{\376\377\000M\000o\000n\000t\000h\000l\000y\000\040\000S\000t\000r\000a\000t\000\040\040\024\000\040\000I\000n\000s\000t\000i\000t\000u\000t\000i\000o\000n\000a\000l\000l\000y\000\040\000C\000o\000n\000s\000t\000r\000a\000i\000n\000e\000d\000\040\000I\000m\000p\000l\000e\000m\000e\000n\000t\000a\000t\000i\000o\000n}{section.3}% 15
\BOOKMARK [2][-]{subsection.3.3}{\376\377\000S\000t\000r\000a\000t\000\040\0003\000\040\000\050\000M\000o\000m\000e\000n\000t\000u\000m\000\051\000\040\040\024\000\040\000R\000e\000f\000i\000n\000e\000d\000\040\000G\0005\000O\0002\000\040\000S\000i\000g\000n\000a\000l}{section.3}% 16
\BOOKMARK [2][-]{subsection.3.4}{\376\377\000M\000o\000n\000t\000h\000l\000y\000\040\000S\000t\000r\000a\000t\000\040\000\050\000M\000o\000m\000e\000n\000t\000u\000m\000\051\000\040\040\024\000\040\000R\000e\000c\000o\000m\000m\000e\000n\000d\000e\000d\000\040\000I\000m\000p\000l\000e\000m\000e\000n\000t\000a\000t\000i\000o\000n}{section.3}% 17
\BOOKMARK [1][-]{section.4}{\376\377\000R\000e\000s\000u\000l\000t\000s\000\040\000a\000n\000d\000\040\000P\000e\000r\000f\000o\000r\000m\000a\000n\000c\000e\000\040\000A\000n\000a\000l\000y\000s\000i\000s}{}% 18
\BOOKMARK [2][-]{subsection.4.1}{\376\377\000C\000o\000m\000p\000a\000r\000i\000s\000o\000n\000\040\000t\000o\000\040\000B\000e\000n\000c\000h\000m\000a\000r\000k}{section.4}% 19
\BOOKMARK [2][-]{subsection.4.2}{\376\377\000E\000q\000u\000i\000t\000y\000\040\000C\000u\000r\000v\000e\000\040\000A\000n\000a\000l\000y\000s\000i\000s}{section.4}% 20
\BOOKMARK [2][-]{subsection.4.3}{\376\377\000D\000r\000a\000w\000d\000o\000w\000n\000\040\000A\000n\000a\000l\000y\000s\000i\000s}{section.4}% 21
\BOOKMARK [2][-]{subsection.4.4}{\376\377\000S\000t\000r\000a\000t\000e\000g\000y\000\040\000S\000e\000l\000e\000c\000t\000i\000o\000n\000\040\000G\000u\000i\000d\000a\000n\000c\000e}{section.4}% 22
\BOOKMARK [1][-]{section.5}{\376\377\000R\000i\000s\000k\000\040\000C\000o\000n\000s\000i\000d\000e\000r\000a\000t\000i\000o\000n\000s\000\040\000a\000n\000d\000\040\000L\000i\000m\000i\000t\000a\000t\000i\000o\000n\000s}{}% 23
\BOOKMARK [2][-]{subsection.5.1}{\376\377\000S\000i\000g\000n\000a\000l\000\040\000L\000a\000g\000\040\000R\000i\000s\000k}{section.5}% 24
\BOOKMARK [2][-]{subsection.5.2}{\376\377\000R\000e\000b\000a\000l\000a\000n\000c\000i\000n\000g\000\040\000F\000r\000e\000q\000u\000e\000n\000c\000y\000\040\000R\000i\000s\000k}{section.5}% 25
\BOOKMARK [2][-]{subsection.5.3}{\376\377\000G\0005\000O\0002\000\040\000M\000o\000m\000e\000n\000t\000u\000m\000\040\000T\000h\000r\000e\000s\000h\000o\000l\000d\000\040\000S\000t\000a\000b\000i\000l\000i\000t\000y}{section.5}% 26
\BOOKMARK [2][-]{subsection.5.4}{\376\377\000P\000a\000r\000a\000m\000e\000t\000e\000r\000\040\000S\000e\000n\000s\000i\000t\000i\000v\000i\000t\000y}{section.5}% 27
\BOOKMARK [2][-]{subsection.5.5}{\376\377\000T\000r\000a\000n\000s\000a\000c\000t\000i\000o\000n\000\040\000C\000o\000s\000t\000s}{section.5}% 28
\BOOKMARK [1][-]{section.6}{\376\377\000C\000o\000n\000c\000l\000u\000s\000i\000o\000n}{}% 29
